// Jest Snapshot v1, https://goo.gl/fbAQLP

exports[`button context-menu-item: 0 1`] = `
<li
  role="menuitem"
>
  child
</li>
`;

exports[`button context-menu-item: 1 1`] = `
<li
  role="menuitem"
>
  child
</li>
`;
